---
source: src/lexer.rs
expression: tokens
---
[
    Let,
    Identifier(
        "five",
    ),
    Assign,
    Integer(
        "5",
    ),
    Semicolon,
    Let,
    Identifier(
        "ten",
    ),
    Assign,
    Integer(
        "10",
    ),
    Semicolon,
    Let,
    Identifier(
        "add",
    ),
    Assign,
    Function,
    LeftParen,
    Identifier(
        "x",
    ),
    Comma,
    Identifier(
        "y",
    ),
    RightParen,
    LeftBrace,
    Identifier(
        "x",
    ),
    Plus,
    Identifier(
        "y",
    ),
    Semicolon,
    RightBrace,
    Semicolon,
    Let,
    Identifier(
        "result",
    ),
    Assign,
    Identifier(
        "add",
    ),
    LeftParen,
    Identifier(
        "five",
    ),
    Comma,
    Identifier(
        "ten",
    ),
    RightParen,
    Semicolon,
    If,
    LeftParen,
    Integer(
        "5",
    ),
    LessThan,
    Integer(
        "10",
    ),
    RightParen,
    LeftBrace,
    Return,
    True,
    Semicolon,
    RightBrace,
    Else,
    LeftBrace,
    Return,
    False,
    Semicolon,
    RightBrace,
    Integer(
        "10",
    ),
    Equal,
    Integer(
        "10",
    ),
    Semicolon,
    Integer(
        "10",
    ),
    NotEqual,
    Integer(
        "9",
    ),
    Semicolon,
]
